Category: 📺央视频道, Name: CCTV-1, Total: 90, Valid: 47, Valid Percent: 52.22%, Whitelist: 0, IPv4: 4, IPv6: 86, Min Delay: 0.1 ms, Max Speed: 18.03 M/s, Avg Speed: 0.57 M/s, Max Resolution: 1920x1080
Category: 📺央视频道, Name: CCTV-2, Total: 109, Valid: 71, Valid Percent: 65.14%, Whitelist: 0, IPv4: 3, IPv6: 106, Min Delay: 0.1 ms, Max Speed: 39.55 M/s, Avg Speed: 0.64 M/s, Max Resolution: 1920x1080
Category: 📺央视频道, Name: CCTV-3, Total: 95, Valid: 56, Valid Percent: 58.95%, Whitelist: 0, IPv4: 2, IPv6: 93, Min Delay: 0.1 ms, Max Speed: 5.00 M/s, Avg Speed: 0.16 M/s, Max Resolution: 1920x1080
Category: 📺央视频道, Name: CCTV-4, Total: 140, Valid: 60, Valid Percent: 42.86%, Whitelist: 0, IPv4: 1, IPv6: 139, Min Delay: 0.1 ms, Max Speed: 0.98 M/s, Avg Speed: 0.02 M/s, Max Resolution: 1920x1080
Category: 📺央视频道, Name: CCTV-5, Total: 133, Valid: 45, Valid Percent: 33.83%, Whitelist: 0, IPv4: 8, IPv6: 125, Min Delay: 0.1 ms, Max Speed: 17.37 M/s, Avg Speed: 1.19 M/s, Max Resolution: 1920x1080
Category: 📺央视频道, Name: CCTV-5+, Total: 57, Valid: 42, Valid Percent: 73.68%, Whitelist: 0, IPv4: 1, IPv6: 56, Min Delay: 0.1 ms, Max Speed: 18.06 M/s, Avg Speed: 0.43 M/s, Max Resolution: 1920x1080
Category: 📺央视频道, Name: CCTV-6, Total: 82, Valid: 38, Valid Percent: 46.34%, Whitelist: 0, IPv4: 3, IPv6: 79, Min Delay: 0.1 ms, Max Speed: 14.99 M/s, Avg Speed: 0.79 M/s, Max Resolution: 1920x1080
Category: 📺央视频道, Name: CCTV-7, Total: 101, Valid: 63, Valid Percent: 62.38%, Whitelist: 0, IPv4: 3, IPv6: 98, Min Delay: 0.1 ms, Max Speed: 10.43 M/s, Avg Speed: 0.24 M/s, Max Resolution: 1920x1080
Category: 📺央视频道, Name: CCTV-8, Total: 89, Valid: 48, Valid Percent: 53.93%, Whitelist: 0, IPv4: 1, IPv6: 88, Min Delay: 0.1 ms, Max Speed: 1.04 M/s, Avg Speed: 0.02 M/s, Max Resolution: 1920x1080
Category: 📺央视频道, Name: CCTV-9, Total: 102, Valid: 60, Valid Percent: 58.82%, Whitelist: 0, IPv4: 1, IPv6: 101, Min Delay: 0.1 ms, Max Speed: 1.52 M/s, Avg Speed: 0.03 M/s, Max Resolution: 1920x1080
Category: 📺央视频道, Name: CCTV-10, Total: 102, Valid: 62, Valid Percent: 60.78%, Whitelist: 0, IPv4: 5, IPv6: 97, Min Delay: 0.1 ms, Max Speed: 16.76 M/s, Avg Speed: 0.44 M/s, Max Resolution: 1920x1080
Category: 📺央视频道, Name: CCTV-11, Total: 111, Valid: 70, Valid Percent: 63.06%, Whitelist: 0, IPv4: 4, IPv6: 107, Min Delay: 0.1 ms, Max Speed: 22.63 M/s, Avg Speed: 0.66 M/s, Max Resolution: 1920x1080
Category: 📺央视频道, Name: CCTV-12, Total: 106, Valid: 66, Valid Percent: 62.26%, Whitelist: 0, IPv4: 2, IPv6: 104, Min Delay: 0.1 ms, Max Speed: 5.37 M/s, Avg Speed: 0.11 M/s, Max Resolution: 1920x1080
Category: 📺央视频道, Name: CCTV-13, Total: 83, Valid: 44, Valid Percent: 53.01%, Whitelist: 0, IPv4: 3, IPv6: 80, Min Delay: 0.1 ms, Max Speed: 42.65 M/s, Avg Speed: 1.41 M/s, Max Resolution: 1920x1080
Category: 📺央视频道, Name: CCTV-14, Total: 89, Valid: 43, Valid Percent: 48.31%, Whitelist: 0, IPv4: 5, IPv6: 84, Min Delay: 0.1 ms, Max Speed: 12.05 M/s, Avg Speed: 0.70 M/s, Max Resolution: 1920x1080
Category: 📺央视频道, Name: CCTV-15, Total: 104, Valid: 66, Valid Percent: 63.46%, Whitelist: 0, IPv4: 3, IPv6: 101, Min Delay: 0.1 ms, Max Speed: 14.08 M/s, Avg Speed: 0.23 M/s, Max Resolution: 1920x1080
Category: 📺央视频道, Name: CCTV-16, Total: 47, Valid: 25, Valid Percent: 53.19%, Whitelist: 0, IPv4: 2, IPv6: 45, Min Delay: 0.1 ms, Max Speed: 7.06 M/s, Avg Speed: 0.49 M/s, Max Resolution: 1920x1080
Category: 📺央视频道, Name: CCTV-17, Total: 89, Valid: 48, Valid Percent: 53.93%, Whitelist: 0, IPv4: 4, IPv6: 85, Min Delay: 0.1 ms, Max Speed: 7.34 M/s, Avg Speed: 0.37 M/s, Max Resolution: 1920x1080
Category: 📺央视频道, Name: CETV-1, Total: 45, Valid: 2, Valid Percent: 4.44%, Whitelist: 0, IPv4: 2, IPv6: 43, Min Delay: 530 ms, Max Speed: 0.08 M/s, Avg Speed: 0.05 M/s, Max Resolution: 1920x1080
Category: 📺央视频道, Name: CETV-2, Total: 36, Valid: 0, Valid Percent: 0.00%, Whitelist: 0, IPv4: 0, IPv6: 36, Min Delay: -1 ms, Max Speed: 0.00 M/s, Avg Speed: 0.00 M/s, Max Resolution: None
Category: 📺央视频道, Name: CETV-3, Total: 6, Valid: 0, Valid Percent: 0.00%, Whitelist: 0, IPv4: 0, IPv6: 6, Min Delay: -1 ms, Max Speed: 0.00 M/s, Avg Speed: 0.00 M/s, Max Resolution: None
Category: 📺央视频道, Name: CETV-4, Total: 38, Valid: 1, Valid Percent: 2.63%, Whitelist: 0, IPv4: 1, IPv6: 37, Min Delay: 516 ms, Max Speed: 0.01 M/s, Avg Speed: 0.01 M/s, Max Resolution: 1920x1080
Category: 📡卫视频道, Name: 广东卫视, Total: 106, Valid: 60, Valid Percent: 56.60%, Whitelist: 0, IPv4: 2, IPv6: 104, Min Delay: 0.1 ms, Max Speed: 9.01 M/s, Avg Speed: 0.17 M/s, Max Resolution: 1920x1080
Category: 📡卫视频道, Name: 香港卫视, Total: 13, Valid: 5, Valid Percent: 38.46%, Whitelist: 0, IPv4: 0, IPv6: 13, Min Delay: 0.1 ms, Max Speed: 0.00 M/s, Avg Speed: 0.00 M/s, Max Resolution: 1920x1080
Category: 📡卫视频道, Name: 浙江卫视, Total: 139, Valid: 74, Valid Percent: 53.24%, Whitelist: 0, IPv4: 6, IPv6: 133, Min Delay: 0.1 ms, Max Speed: 15.18 M/s, Avg Speed: 0.57 M/s, Max Resolution: 1920x1080
Category: 📡卫视频道, Name: 湖南卫视, Total: 121, Valid: 64, Valid Percent: 52.89%, Whitelist: 0, IPv4: 8, IPv6: 113, Min Delay: 0.1 ms, Max Speed: 15.81 M/s, Avg Speed: 0.75 M/s, Max Resolution: 3840x2160
Category: 📡卫视频道, Name: 北京卫视, Total: 111, Valid: 55, Valid Percent: 49.55%, Whitelist: 0, IPv4: 3, IPv6: 108, Min Delay: 0.1 ms, Max Speed: 14.68 M/s, Avg Speed: 0.57 M/s, Max Resolution: 1920x1080
Category: 📡卫视频道, Name: 湖北卫视, Total: 116, Valid: 72, Valid Percent: 62.07%, Whitelist: 0, IPv4: 2, IPv6: 114, Min Delay: 0.1 ms, Max Speed: 4.67 M/s, Avg Speed: 0.08 M/s, Max Resolution: 1920x1080
Category: 📡卫视频道, Name: 黑龙江卫视, Total: 81, Valid: 58, Valid Percent: 71.60%, Whitelist: 0, IPv4: 0, IPv6: 81, Min Delay: 0.1 ms, Max Speed: 0.00 M/s, Avg Speed: 0.00 M/s, Max Resolution: 1920x1080
Category: 📡卫视频道, Name: 安徽卫视, Total: 81, Valid: 60, Valid Percent: 74.07%, Whitelist: 0, IPv4: 2, IPv6: 79, Min Delay: 0.1 ms, Max Speed: 10.18 M/s, Avg Speed: 0.19 M/s, Max Resolution: 1920x1080
Category: 📡卫视频道, Name: 重庆卫视, Total: 80, Valid: 58, Valid Percent: 72.50%, Whitelist: 0, IPv4: 3, IPv6: 77, Min Delay: 0.1 ms, Max Speed: 9.46 M/s, Avg Speed: 0.24 M/s, Max Resolution: 1920x1080
Category: 📡卫视频道, Name: 东方卫视, Total: 114, Valid: 63, Valid Percent: 55.26%, Whitelist: 0, IPv4: 4, IPv6: 110, Min Delay: 0.1 ms, Max Speed: 16.97 M/s, Avg Speed: 0.52 M/s, Max Resolution: 1920x1080
Category: 🌊港·澳·台, Name: 凤凰中文, Total: 92, Valid: 22, Valid Percent: 23.91%, Whitelist: 0, IPv4: 3, IPv6: 89, Min Delay: 0.1 ms, Max Speed: 27.95 M/s, Avg Speed: 3.63 M/s, Max Resolution: 1920x1080
Category: 🌊港·澳·台, Name: 凤凰资讯, Total: 103, Valid: 38, Valid Percent: 36.89%, Whitelist: 0, IPv4: 3, IPv6: 100, Min Delay: 0.1 ms, Max Speed: 24.87 M/s, Avg Speed: 1.55 M/s, Max Resolution: 1920x1080
Category: 🌊港·澳·台, Name: 凤凰香港, Total: 76, Valid: 18, Valid Percent: 23.68%, Whitelist: 0, IPv4: 3, IPv6: 73, Min Delay: 0.1 ms, Max Speed: 23.46 M/s, Avg Speed: 3.29 M/s, Max Resolution: 1920x1080
Category: 🌊港·澳·台, Name: 凤凰卫视, Total: 7, Valid: 4, Valid Percent: 57.14%, Whitelist: 0, IPv4: 0, IPv6: 7, Min Delay: 0.1 ms, Max Speed: 0.00 M/s, Avg Speed: 0.00 M/s, Max Resolution: 1920x1080
Category: 🌊港·澳·台, Name: TVBS亚洲, Total: 3, Valid: 2, Valid Percent: 66.67%, Whitelist: 0, IPv4: 1, IPv6: 2, Min Delay: 0.1 ms, Max Speed: 0.37 M/s, Avg Speed: 0.18 M/s, Max Resolution: 1920x1080
Category: 🌊港·澳·台, Name: 香港卫视, Total: 13, Valid: 5, Valid Percent: 38.46%, Whitelist: 0, IPv4: 0, IPv6: 13, Min Delay: 0.1 ms, Max Speed: 0.00 M/s, Avg Speed: 0.00 M/s, Max Resolution: 1920x1080
Category: 🎬电影频道, Name: CHC家庭影院, Total: 32, Valid: 9, Valid Percent: 28.12%, Whitelist: 0, IPv4: 0, IPv6: 32, Min Delay: 0.1 ms, Max Speed: 0.00 M/s, Avg Speed: 0.00 M/s, Max Resolution: 1920x1080
Category: 🎬电影频道, Name: CHC动作电影, Total: 33, Valid: 17, Valid Percent: 51.52%, Whitelist: 0, IPv4: 0, IPv6: 33, Min Delay: 0.1 ms, Max Speed: 0.00 M/s, Avg Speed: 0.00 M/s, Max Resolution: 1920x1080
Category: 🎬电影频道, Name: CHC高清电影, Total: 7, Valid: 4, Valid Percent: 57.14%, Whitelist: 0, IPv4: 7, IPv6: 0, Min Delay: 10005 ms, Max Speed: 0.07 M/s, Avg Speed: 0.03 M/s, Max Resolution: 1920x1080
Category: 🎥咪咕直播, Name: 咪咕直播2, Total: 1, Valid: 1, Valid Percent: 100.00%, Whitelist: 0, IPv4: 0, IPv6: 1, Min Delay: 0.1 ms, Max Speed: 0.00 M/s, Avg Speed: 0.00 M/s, Max Resolution: 1920x1080
Category: 🎥咪咕直播, Name: 咪咕直播3, Total: 1, Valid: 1, Valid Percent: 100.00%, Whitelist: 0, IPv4: 0, IPv6: 1, Min Delay: 0.1 ms, Max Speed: 0.00 M/s, Avg Speed: 0.00 M/s, Max Resolution: 1920x1080
Category: 🎥咪咕直播, Name: 咪咕直播4, Total: 1, Valid: 1, Valid Percent: 100.00%, Whitelist: 0, IPv4: 0, IPv6: 1, Min Delay: 0.1 ms, Max Speed: 0.00 M/s, Avg Speed: 0.00 M/s, Max Resolution: 1920x1080
Category: 🎥咪咕直播, Name: 咪咕直播5, Total: 1, Valid: 1, Valid Percent: 100.00%, Whitelist: 0, IPv4: 0, IPv6: 1, Min Delay: 0.1 ms, Max Speed: 0.00 M/s, Avg Speed: 0.00 M/s, Max Resolution: 1920x1080
Category: 🎥咪咕直播, Name: 咪咕直播6, Total: 1, Valid: 1, Valid Percent: 100.00%, Whitelist: 0, IPv4: 0, IPv6: 1, Min Delay: 0.1 ms, Max Speed: 0.00 M/s, Avg Speed: 0.00 M/s, Max Resolution: 1920x1080
Category: 🎥咪咕直播, Name: 咪咕直播7, Total: 1, Valid: 1, Valid Percent: 100.00%, Whitelist: 0, IPv4: 0, IPv6: 1, Min Delay: 0.1 ms, Max Speed: 0.00 M/s, Avg Speed: 0.00 M/s, Max Resolution: 1920x1080
Category: 🎥咪咕直播, Name: 咪咕直播8, Total: 1, Valid: 1, Valid Percent: 100.00%, Whitelist: 0, IPv4: 0, IPv6: 1, Min Delay: 0.1 ms, Max Speed: 0.00 M/s, Avg Speed: 0.00 M/s, Max Resolution: 1920x1080
Category: 🎥咪咕直播, Name: 咪咕直播9, Total: 1, Valid: 1, Valid Percent: 100.00%, Whitelist: 0, IPv4: 0, IPv6: 1, Min Delay: 0.1 ms, Max Speed: 0.00 M/s, Avg Speed: 0.00 M/s, Max Resolution: 1920x1080
Category: 🎥咪咕直播, Name: 咪咕直播10, Total: 1, Valid: 1, Valid Percent: 100.00%, Whitelist: 0, IPv4: 0, IPv6: 1, Min Delay: 0.1 ms, Max Speed: 0.00 M/s, Avg Speed: 0.00 M/s, Max Resolution: 1920x1080
Category: 🎵音乐频道, Name: CCTV-15, Total: 101, Valid: 63, Valid Percent: 62.38%, Whitelist: 0, IPv4: 0, IPv6: 101, Min Delay: 0.1 ms, Max Speed: 0.00 M/s, Avg Speed: 0.00 M/s, Max Resolution: 1920x1080
Category: 🎵音乐频道, Name: 风云音乐, Total: 4, Valid: 2, Valid Percent: 50.00%, Whitelist: 0, IPv4: 2, IPv6: 2, Min Delay: 604 ms, Max Speed: 1.54 M/s, Avg Speed: 0.80 M/s, Max Resolution: 1920x1080
Category: 🎵音乐频道, Name: 音乐现场, Total: 2, Valid: 2, Valid Percent: 100.00%, Whitelist: 0, IPv4: 2, IPv6: 0, Min Delay: 7 ms, Max Speed: 13.46 M/s, Avg Speed: 11.22 M/s, Max Resolution: None
Category: 🎵音乐频道, Name: 音乐之声, Total: 1, Valid: 1, Valid Percent: 100.00%, Whitelist: 0, IPv4: 1, IPv6: 0, Min Delay: 1094 ms, Max Speed: 0.14 M/s, Avg Speed: 0.14 M/s, Max Resolution: None
Category: 🪁动画频道, Name: 少儿动画, Total: 10, Valid: 1, Valid Percent: 10.00%, Whitelist: 0, IPv4: 10, IPv6: 0, Min Delay: 10004 ms, Max Speed: 0.05 M/s, Avg Speed: 0.05 M/s, Max Resolution: 1920x1080
Category: 🪁动画频道, Name: 卡酷动画, Total: 4, Valid: 0, Valid Percent: 0.00%, Whitelist: 0, IPv4: 0, IPv6: 4, Min Delay: -1 ms, Max Speed: 0.00 M/s, Avg Speed: 0.00 M/s, Max Resolution: None
Category: 🪁动画频道, Name: 动漫秀场, Total: 21, Valid: 15, Valid Percent: 71.43%, Whitelist: 0, IPv4: 0, IPv6: 21, Min Delay: 0.1 ms, Max Speed: 0.00 M/s, Avg Speed: 0.00 M/s, Max Resolution: 1920x1080
Category: 🪁动画频道, Name: 新动漫, Total: 20, Valid: 0, Valid Percent: 0.00%, Whitelist: 0, IPv4: 0, IPv6: 20, Min Delay: -1 ms, Max Speed: 0.00 M/s, Avg Speed: 0.00 M/s, Max Resolution: None
Category: 🪁动画频道, Name: 青春动漫, Total: 2, Valid: 2, Valid Percent: 100.00%, Whitelist: 0, IPv4: 0, IPv6: 2, Min Delay: 0.1 ms, Max Speed: 0.00 M/s, Avg Speed: 0.00 M/s, Max Resolution: 1920x1080
Category: 🪁动画频道, Name: 爱动漫, Total: 5, Valid: 4, Valid Percent: 80.00%, Whitelist: 0, IPv4: 0, IPv6: 5, Min Delay: 0.1 ms, Max Speed: 0.00 M/s, Avg Speed: 0.00 M/s, Max Resolution: 1920x1080
Category: 🪁动画频道, Name: 宝宝动画, Total: 1, Valid: 1, Valid Percent: 100.00%, Whitelist: 0, IPv4: 0, IPv6: 1, Min Delay: 0.1 ms, Max Speed: 0.00 M/s, Avg Speed: 0.00 M/s, Max Resolution: 1920x1080
Category: 🪁动画频道, Name: CN卡通, Total: 4, Valid: 3, Valid Percent: 75.00%, Whitelist: 0, IPv4: 1, IPv6: 3, Min Delay: 0.1 ms, Max Speed: 23.64 M/s, Avg Speed: 7.88 M/s, Max Resolution: 1920x1080
Category: 🪁动画频道, Name: 优漫卡通, Total: 16, Valid: 12, Valid Percent: 75.00%, Whitelist: 0, IPv4: 0, IPv6: 16, Min Delay: 0.1 ms, Max Speed: 0.00 M/s, Avg Speed: 0.00 M/s, Max Resolution: 1920x1080
Category: 🪁动画频道, Name: 金鹰卡通, Total: 41, Valid: 32, Valid Percent: 78.05%, Whitelist: 0, IPv4: 0, IPv6: 41, Min Delay: 0.1 ms, Max Speed: 0.00 M/s, Avg Speed: 0.00 M/s, Max Resolution: 1920x1080
Category: 🪁动画频道, Name: 黑莓动画, Total: 8, Valid: 6, Valid Percent: 75.00%, Whitelist: 0, IPv4: 0, IPv6: 8, Min Delay: 0.1 ms, Max Speed: 0.00 M/s, Avg Speed: 0.00 M/s, Max Resolution: 1920x1080
Category: 🪁动画频道, Name: 炫动卡通, Total: 5, Valid: 0, Valid Percent: 0.00%, Whitelist: 0, IPv4: 0, IPv6: 5, Min Delay: -1 ms, Max Speed: 0.00 M/s, Avg Speed: 0.00 M/s, Max Resolution: None
Category: 🪁动画频道, Name: 浙江少儿, Total: 16, Valid: 14, Valid Percent: 87.50%, Whitelist: 0, IPv4: 2, IPv6: 14, Min Delay: 0.1 ms, Max Speed: 0.94 M/s, Avg Speed: 0.13 M/s, Max Resolution: 1920x1080
Category: 🪁动画频道, Name: 河北少儿科教, Total: 11, Valid: 8, Valid Percent: 72.73%, Whitelist: 0, IPv4: 0, IPv6: 11, Min Delay: 0.1 ms, Max Speed: 0.00 M/s, Avg Speed: 0.00 M/s, Max Resolution: 1920x1080
Category: 🪁动画频道, Name: 七龙珠, Total: 1, Valid: 0, Valid Percent: 0.00%, Whitelist: 0, IPv4: 0, IPv6: 1, Min Delay: -1 ms, Max Speed: 0.00 M/s, Avg Speed: 0.00 M/s, Max Resolution: None
Category: 🪁动画频道, Name: 火影忍者, Total: 1, Valid: 0, Valid Percent: 0.00%, Whitelist: 0, IPv4: 0, IPv6: 1, Min Delay: -1 ms, Max Speed: 0.00 M/s, Avg Speed: 0.00 M/s, Max Resolution: None
